// Jest Snapshot v1, https://goo.gl/fbAQLP

exports[`Link changes the class when hovered 1`] = `
<div
  className="App"
>
  <header
    className="App-header"
  >
    <h1
      className="App-title"
    >
      Jazzlyn Pulley, Steven Thompson, Brandon O'Brien, Cory Petersen
    </h1>
  </header>
  <body>
    <h1>
       Bug reporting coming soon 
    </h1>
    <h1>
       
      <a
        href="https://github.com/jazzlynpulley/MedicalSocialNetwork"
      >
         For source code, visit our github
      </a>
       
    </h1>
  </body>
</div>
`;
